// Jest Snapshot v1, https://goo.gl/fbAQLP

exports[`matches snapshot 1`] = `
<DocumentFragment>
  <form>
    <label
      for="width"
    >
      Width: 
    </label>
    <input
      id="width"
      name="width"
      type="text"
      value=""
    />
    <label
      for="height"
    >
      Height: 
    </label>
    <input
      id="height"
      name="height"
      type="text"
      value=""
    />
    <label
      for="background"
    >
      Background color: 
    </label>
    <input
      id="background"
      name="background"
      type="text"
      value=""
    />
    <button>
      Submit
    </button>
  </form>
</DocumentFragment>
`;
